+ set -e
+ set -o pipefail
+++ dirname scripts/build.sh
++ cd scripts
++ pwd
+ SCRIPT_DIR='/Users/shirishpothi/Code Projects/Sorty/scripts'
+ source '/Users/shirishpothi/Code Projects/Sorty/scripts/config.sh'
++ PROJECT_NAME=Sorty
++++ dirname scripts/build.sh
+++ cd scripts/..
+++ pwd
++ PROJECT_DIR='/Users/shirishpothi/Code Projects/Sorty'
++ SCHEME=Sorty
++ BUILD_DIR='/Users/shirishpothi/Code Projects/Sorty/.build'
++ RELEASE_DIR='/Users/shirishpothi/Code Projects/Sorty/releases'
++ ARCHIVE_PATH='/Users/shirishpothi/Code Projects/Sorty/.build/Sorty.xcarchive'
++ APP_PATH='/Users/shirishpothi/Code Projects/Sorty/releases/Sorty.app'
++ APP_BUNDLE_ID=com.sorty.app
++ TEAM_ID=XXXXXXXXXX
++ NOTARIZATION_USERNAME=
++ NOTARIZATION_PASSWORD=
++ KEYCHAIN_PROFILE=
++ source '/Users/shirishpothi/Code Projects/Sorty/scripts/utils.sh'
+++ RED='\033[0;31m'
+++ GREEN='\033[0;32m'
+++ YELLOW='\033[1;33m'
+++ BLUE='\033[0;34m'
+++ NC='\033[0m'
+++ SYM_CHECK=$'‚\234\224'
+++ SYM_CROSS=$'‚\234\230'
+++ SYM_WARN=$'‚\232†'
+++ SYM_SPARKLE=$'‚\234®'
+++ ARCHIVE_START=0
+++ BUILD_START=0
+++ EXTRACT_START=0
+++ ASSEMBLE_START=0
+++ SIGN_START=0
++++ date +%s
+++ START_TIME=1770557787
+ print_header 'Sorty Build' 50
+ local 'text=Sorty Build'
+ local width=50
+ echo ''

+ print_divider $'‚\225\220' 50
+ local $'char=‚\225\220'
+ local width=50
+ printf -v line %50s ''
+ echo $'‚\225\220‚\225\220‚\225\220‚\225\220‚\225\220‚\225\220‚\225\220‚\225\220‚\225\220‚\225\220‚\225\220‚\225\220‚\225\220‚\225\220‚\225\220‚\225\220‚\225\220‚\225\220‚\225\220‚\225\220‚\225\220‚\225\220‚\225\220‚\225\220‚\225\220‚\225\220‚\225\220‚\225\220‚\225\220‚\225\220‚\225\220‚\225\220‚\225\220‚\225\220‚\225\220‚\225\220‚\225\220‚\225\220‚\225\220‚\225\220‚\225\220‚\225\220‚\225\220‚\225\220‚\225\220‚\225\220‚\225\220‚\225\220‚\225\220‚\225\220'
‚ïê‚ïê‚ïê‚ïê‚ïê‚ïê‚ïê‚ïê‚ïê‚ïê‚ïê‚ïê‚ïê‚ïê‚ïê‚ïê‚ïê‚ïê‚ïê‚ïê‚ïê‚ïê‚ïê‚ïê‚ïê‚ïê‚ïê‚ïê‚ïê‚ïê‚ïê‚ïê‚ïê‚ïê‚ïê‚ïê‚ïê‚ïê‚ïê‚ïê‚ïê‚ïê‚ïê‚ïê‚ïê‚ïê‚ïê‚ïê‚ïê‚ïê
+ echo -e '\033[0;34m  Sorty Build\033[0m'
[0;34m  Sorty Build[0m
+ print_divider $'‚\225\220' 50
+ local $'char=‚\225\220'
+ local width=50
+ printf -v line %50s ''
+ echo $'‚\225\220‚\225\220‚\225\220‚\225\220‚\225\220‚\225\220‚\225\220‚\225\220‚\225\220‚\225\220‚\225\220‚\225\220‚\225\220‚\225\220‚\225\220‚\225\220‚\225\220‚\225\220‚\225\220‚\225\220‚\225\220‚\225\220‚\225\220‚\225\220‚\225\220‚\225\220‚\225\220‚\225\220‚\225\220‚\225\220‚\225\220‚\225\220‚\225\220‚\225\220‚\225\220‚\225\220‚\225\220‚\225\220‚\225\220‚\225\220‚\225\220‚\225\220‚\225\220‚\225\220‚\225\220‚\225\220‚\225\220‚\225\220‚\225\220‚\225\220'
‚ïê‚ïê‚ïê‚ïê‚ïê‚ïê‚ïê‚ïê‚ïê‚ïê‚ïê‚ïê‚ïê‚ïê‚ïê‚ïê‚ïê‚ïê‚ïê‚ïê‚ïê‚ïê‚ïê‚ïê‚ïê‚ïê‚ïê‚ïê‚ïê‚ïê‚ïê‚ïê‚ïê‚ïê‚ïê‚ïê‚ïê‚ïê‚ïê‚ïê‚ïê‚ïê‚ïê‚ïê‚ïê‚ïê‚ïê‚ïê‚ïê‚ïê
+ echo ''

++ get_version
+++ git describe --tags --abbrev=0
+++ sed 's/^v//'
++ local git_tag=1.0.6
++ '[' -n 1.0.6 ']'
++ echo 1.0.6
++ return
+ VERSION=1.0.6
++ get_build_number
+++ git rev-list --count HEAD
++ local commit_count=164
++ '[' -n 164 ']'
++ '[' 164 -gt 0 ']'
++ echo 164
++ return
+ BUILD_NUM=164
+ BUILD_METHOD=spm
+ print_summary 'Build Configuration' Version 1.0.6 Build 164 Scheme Sorty Method spm Output '/Users/shirishpothi/Code Projects/Sorty/.build'
+ local 'title=Build Configuration'
+ shift
+ echo -e '\033[0;34m--- Build Configuration ---\033[0m'
[0;34m--- Build Configuration ---[0m
+ '[' 10 -gt 0 ']'
+ printf '  %-15s : %s\n' Version 1.0.6
  Version         : 1.0.6
+ shift 2
+ '[' 8 -gt 0 ']'
+ printf '  %-15s : %s\n' Build 164
  Build           : 164
+ shift 2
+ '[' 6 -gt 0 ']'
+ printf '  %-15s : %s\n' Scheme Sorty
  Scheme          : Sorty
+ shift 2
+ '[' 4 -gt 0 ']'
+ printf '  %-15s : %s\n' Method spm
  Method          : spm
+ shift 2
+ '[' 2 -gt 0 ']'
+ printf '  %-15s : %s\n' Output '/Users/shirishpothi/Code Projects/Sorty/.build'
  Output          : /Users/shirishpothi/Code Projects/Sorty/.build
+ shift 2
+ '[' 0 -gt 0 ']'
+ echo ''

+ rm -rf '/Users/shirishpothi/Code Projects/Sorty/.build'
+ mkdir -p '/Users/shirishpothi/Code Projects/Sorty/.build'
+ mkdir -p '/Users/shirishpothi/Code Projects/Sorty/releases'
+ BINARY_NAME=SortyApp
+ APP_BUNDLE=Sorty.app
+ TOTAL_STEPS=4
+ BUILD_CONFIG=release
+ log_item 'Configuration: release'
+ echo -e '  ‚Ä¢ Configuration: release'
  ‚Ä¢ Configuration: release
+ '[' '' '!=' true ']'
+ print_step 1 4 'Running Unit Tests'
+ local step_num=1
+ local total_steps=4
+ local 'text=Running Unit Tests'
+ echo -e '\033[0;34m[1/4]\033[0m Running Unit Tests...'
[0;34m[1/4][0m Running Unit Tests...
+ start_step_timer test
+ local step_name=test
+ [[ test == \a\r\c\h\i\v\e ]]
+ [[ test == \b\u\i\l\d ]]
+ [[ test == \e\x\t\r\a\c\t ]]
+ [[ test == \a\s\s\e\m\b\l\e ]]
+ [[ test == \s\i\g\n ]]
+ TEST_FLAGS=
+ swift test
Fetching https://github.com/sparkle-project/Sparkle from cache
Fetched https://github.com/sparkle-project/Sparkle from cache (0.67s)
Computing version for https://github.com/sparkle-project/Sparkle
Computed https://github.com/sparkle-project/Sparkle at 2.8.1 (1.31s)
Creating working copy for https://github.com/sparkle-project/Sparkle
Working copy of https://github.com/sparkle-project/Sparkle resolved at 2.8.1
Fetching binary artifact https://github.com/sparkle-project/Sparkle/releases/download/2.8.1/Sparkle-for-Swift-Package-Manager.zip from cache
Fetched https://github.com/sparkle-project/Sparkle/releases/download/2.8.1/Sparkle-for-Swift-Package-Manager.zip from cache (0.69s)
Building for debugging...
[0/21] /Users/shirishpothi/Code runner.swift
[1/21] Write sources
[1/21] Write SortyApp-entitlement.plist
[1/21] Write learnings-entitlement.plist
[1/21] Write sources
[1/21] Copying Final Onboarding.wav
[1/21] Write sources
[7/21] Copying OnboardingSound.wav
[9/21] Write sources
[10/21] Copying Images
[11/21] Copying Sparkle.framework
[12/21] Write swift-version--58304C5D6DBC2206.txt
