⚡ Quick build (skipping tests, 8 parallel jobs)...

══════════════════════════════════════════════════
[0;34m  Sorty Build[0m
══════════════════════════════════════════════════

[0;34m--- Build Configuration ---[0m
  Version         : 1.0.6
  Build           : 164
  Scheme          : Sorty
  Method          : spm
  Output          : /Users/shirishpothi/Code Projects/Sorty/.build

  • Configuration: release
[0;34m[1/4][0m Skipping Unit Tests...
  • SKIP_TESTS is set.
Injected commit hash: b6f1e34e423d05df6da70298a6526787328c8fc1 into /Users/shirishpothi/Code Projects/Sorty/Resources/commit.txt
[0;34m[2/4][0m Compiling Project...
  • Build flags: -j 8
Fetching https://github.com/sparkle-project/Sparkle from cache
Fetched https://github.com/sparkle-project/Sparkle from cache (0.69s)
Computing version for https://github.com/sparkle-project/Sparkle
Computed https://github.com/sparkle-project/Sparkle at 2.8.1 (0.76s)
Creating working copy for https://github.com/sparkle-project/Sparkle
Working copy of https://github.com/sparkle-project/Sparkle resolved at 2.8.1
Fetching binary artifact https://github.com/sparkle-project/Sparkle/releases/download/2.8.1/Sparkle-for-Swift-Package-Manager.zip from cache
Fetched https://github.com/sparkle-project/Sparkle/releases/download/2.8.1/Sparkle-for-Swift-Package-Manager.zip from cache (1.18s)
Building for production...
[0/12] Write sources
[0/12] Copying Final Onboarding.wav
[0/12] Write sources
[0/12] Copying OnboardingSound.wav
[5/12] Copying Images
[6/12] Copying Sparkle.framework
[7/12] Write swift-version--58304C5D6DBC2206.txt
[9/13] Compiling SortyLib AIClientFactory.swift
error: stat error: No such file or directory (2)
error: error: accessing build database "/Users/shirishpothi/Code Projects/Sorty/.build/build.db": disk I/O error
  [0;31m✘ Compilation failed[0m
make: *** [quick] Error 1
